[     184ms] [INFO] %cDownload the React DevTools for a better development experience: https://reactjs.org/link/react-devtools font-weight:bold @ http://localhost:5174/node_modules/.vite/deps/chunk-YFB5YCE7.js?v=28f1e096:21608
[     405ms] [LOG] Container @ http://localhost:5174/src/Components/particleBakground.tsx:46
[     407ms] [LOG] Container @ http://localhost:5174/src/Components/particleBakground.tsx:46
[     535ms] [ERROR] Warning: Failed %s type: %s%s prop Invalid prop `children` supplied to `Icon`, expected a ReactNode. 
    at Icon2 (http://localhost:5174/node_modules/.vite/deps/@carbon_react.js?v=28f1e096:5360:3)
    at CheckmarkOutline2 (http://localhost:5174/node_modules/.vite/deps/@carbon_react.js?v=28f1e096:15860:3)
    at div
    at IconIndicatorContent (http://localhost:5174/node_modules/.vite/deps/@carbon_react.js?v=28f1e096:110452:14)
    at span
    at http://localhost:5174/node_modules/.vite/deps/chunk-MVYDASTQ.js?v=28f1e096:164:13
    at http://localhost:5174/node_modules/.vite/deps/chunk-MVYDASTQ.js?v=28f1e096:141:13
    at http://localhost:5174/node_modules/.vite/deps/chunk-MVYDASTQ.js?v=28f1e096:256:13
    at http://localhost:5174/node_modules/.vite/deps/chunk-MVYDASTQ.js?v=28f1e096:164:13
    at http://localhost:5174/node_modules/.vite/deps/chunk-MVYDASTQ.js?v=28f1e096:141:13
    at http://localhost:5174/node_modules/.vite/deps/chunk-MVYDASTQ.js?v=28f1e096:256:13
    at http://localhost:5174/node_modules/.vite/deps/chunk-MVYDASTQ.js?v=28f1e096:599:13
    at http://localhost:5174/node_modules/.vite/deps/@radix-ui_react-tooltip.js?v=28f1e096:310:13
    at TooltipTrigger (http://localhost:5174/src/Components/ui/tooltip.tsx:53:30)
    at Provider (http://localhost:5174/node_modules/.vite/deps/chunk-MVYDASTQ.js?v=28f1e096:83:15)
    at Provider (http://localhost:5174/node_modules/.vite/deps/chunk-MVYDASTQ.js?v=28f1e096:83:15)
    at Popper (http://localhost:5174/node_modules/.vite/deps/chunk-MVYDASTQ.js?v=28f1e096:591:11)
    at Tooltip (http://localhost:5174/node_modules/.vite/deps/@radix-ui_react-tooltip.js?v=28f1e096:218:5)
    at Provider (http://localhost:5174/node_modules/.vite/deps/chunk-MVYDASTQ.js?v=28f1e096:83:15)
    at TooltipProvider (http://localhost:5174/node_modules/.vite/deps/@radix-ui_react-tooltip.js?v=28f1e096:174:5)
    at TooltipProvider (http://localhost:5174/src/Components/ui/tooltip.tsx:24:28)
    at Tooltip (http://localhost:5174/src/Components/ui/tooltip.tsx:36:23)
    at div
    at Indicator (http://localhost:5174/src/Components/Indicator.tsx:23:22)
    at div
    at div
    at div
    at main
    at MainPage (http://localhost:5174/src/Pages/MainPage.tsx?t=1786799814485:54:41)
    at RenderedRoute (http://localhost:5174/node_modules/.vite/deps/react-router.js?v=28f1e096:5452:26)
    at Routes (http://localhost:5174/node_modules/.vite/deps/react-router.js?v=28f1e096:6185:3)
    at Router (http://localhost:5174/node_modules/.vite/deps/react-router.js?v=28f1e096:6128:13)
    at BrowserRouter (http://localhost:5174/node_modules/.vite/deps/react-router.js?v=28f1e096:9146:3)
    at App @ http://localhost:5174/node_modules/.vite/deps/chunk-RLJ2RCJQ.js?v=28f1e096:135
[     582ms] [LOG] Container @ http://localhost:5174/src/Components/particleBakground.tsx:46
[    3687ms] [LOG] Container @ http://localhost:5174/src/Components/particleBakground.tsx:46
[    4799ms] [LOG] Container @ http://localhost:5174/src/Components/particleBakground.tsx:46
[    6141ms] [LOG] Container @ http://localhost:5174/src/Components/particleBakground.tsx:46
[    7419ms] [LOG] Container @ http://localhost:5174/src/Components/particleBakground.tsx:46
[    8684ms] [LOG] Container @ http://localhost:5174/src/Components/particleBakground.tsx:46
[    9850ms] [LOG] Container @ http://localhost:5174/src/Components/particleBakground.tsx:46
[   10639ms] [LOG] Container @ http://localhost:5174/src/Components/particleBakground.tsx:46
[   11658ms] [LOG] Container @ http://localhost:5174/src/Components/particleBakground.tsx:46
[   14458ms] [LOG] Container @ http://localhost:5174/src/Components/particleBakground.tsx:46
[   15879ms] [LOG] Container @ http://localhost:5174/src/Components/particleBakground.tsx:46
[   16475ms] [LOG] Container @ http://localhost:5174/src/Components/particleBakground.tsx:46
[   17415ms] [LOG] Container @ http://localhost:5174/src/Components/particleBakground.tsx:46
[   25851ms] [LOG] Container @ http://localhost:5174/src/Components/particleBakground.tsx:46
[   26702ms] [LOG] Container @ http://localhost:5174/src/Components/particleBakground.tsx:46
[   27271ms] [LOG] Container @ http://localhost:5174/src/Components/particleBakground.tsx:46
[   28356ms] [LOG] Container @ http://localhost:5174/src/Components/particleBakground.tsx:46
[   30580ms] [LOG] Container @ http://localhost:5174/src/Components/particleBakground.tsx:46
[   31164ms] [LOG] Container @ http://localhost:5174/src/Components/particleBakground.tsx:46
[   35150ms] [LOG] Container @ http://localhost:5174/src/Components/particleBakground.tsx:46
[   38027ms] [LOG] Container @ http://localhost:5174/src/Components/particleBakground.tsx:46
[   38884ms] [LOG] Container @ http://localhost:5174/src/Components/particleBakground.tsx:46
[   39515ms] [LOG] Container @ http://localhost:5174/src/Components/particleBakground.tsx:46
[   40225ms] [LOG] Container @ http://localhost:5174/src/Components/particleBakground.tsx:46
[   40794ms] [LOG] Container @ http://localhost:5174/src/Components/particleBakground.tsx:46
[   41646ms] [LOG] Container @ http://localhost:5174/src/Components/particleBakground.tsx:46
[   42280ms] [LOG] Container @ http://localhost:5174/src/Components/particleBakground.tsx:46
[   43157ms] [LOG] Container @ http://localhost:5174/src/Components/particleBakground.tsx:46
[   43804ms] [LOG] Container @ http://localhost:5174/src/Components/particleBakground.tsx:46
[   44940ms] [LOG] Container @ http://localhost:5174/src/Components/particleBakground.tsx:46
[   58972ms] [LOG] Container @ http://localhost:5174/src/Components/particleBakground.tsx:46
[   59677ms] [LOG] Container @ http://localhost:5174/src/Components/particleBakground.tsx:46
[   60212ms] [LOG] Container @ http://localhost:5174/src/Components/particleBakground.tsx:46
[   60838ms] [LOG] Container @ http://localhost:5174/src/Components/particleBakground.tsx:46
[   61392ms] [LOG] Container @ http://localhost:5174/src/Components/particleBakground.tsx:46
[   64171ms] [ERROR] Warning: validateDOMNesting(...): %s cannot appear as a descendant of <%s>.%s <a> a 
    at a
    at LinkWithRef (http://localhost:5174/node_modules/.vite/deps/react-router.js?v=28f1e096:9236:5)
    at button
    at MotionComponent (http://localhost:5174/node_modules/.vite/deps/framer-motion.js?v=28f1e096:4899:40)
    at a
    at LinkWithRef (http://localhost:5174/node_modules/.vite/deps/react-router.js?v=28f1e096:9236:5)
    at div
    at nav
    at navbar
    at div
    at div
    at div
    at div
    at Landing
    at RenderedRoute (http://localhost:5174/node_modules/.vite/deps/react-router.js?v=28f1e096:5452:26)
    at Routes (http://localhost:5174/node_modules/.vite/deps/react-router.js?v=28f1e096:6185:3)
    at Router (http://localhost:5174/node_modules/.vite/deps/react-router.js?v=28f1e096:6128:13)
    at BrowserRouter (http://localhost:5174/node_modules/.vite/deps/react-router.js?v=28f1e096:9146:3)
    at App @ http://localhost:5174/node_modules/.vite/deps/chunk-YFB5YCE7.js?v=28f1e096:520
[   64174ms] [ERROR] Warning: Invalid DOM property `%s`. Did you mean `%s`?%s stroke-width strokeWidth 
    at svg
    at a
    at div
    at MotionComponent (http://localhost:5174/node_modules/.vite/deps/framer-motion.js?v=28f1e096:4899:40)
    at section
    at Maint
    at div
    at div
    at div
    at div
    at Landing
    at RenderedRoute (http://localhost:5174/node_modules/.vite/deps/react-router.js?v=28f1e096:5452:26)
    at Routes (http://localhost:5174/node_modules/.vite/deps/react-router.js?v=28f1e096:6185:3)
    at Router (http://localhost:5174/node_modules/.vite/deps/react-router.js?v=28f1e096:6128:13)
    at BrowserRouter (http://localhost:5174/node_modules/.vite/deps/react-router.js?v=28f1e096:9146:3)
    at App @ http://localhost:5174/node_modules/.vite/deps/chunk-YFB5YCE7.js?v=28f1e096:520
[   64174ms] [ERROR] Warning: Invalid DOM property `%s`. Did you mean `%s`?%s stroke-linecap strokeLinecap 
    at svg
    at a
    at div
    at MotionComponent (http://localhost:5174/node_modules/.vite/deps/framer-motion.js?v=28f1e096:4899:40)
    at section
    at Maint
    at div
    at div
    at div
    at div
    at Landing
    at RenderedRoute (http://localhost:5174/node_modules/.vite/deps/react-router.js?v=28f1e096:5452:26)
    at Routes (http://localhost:5174/node_modules/.vite/deps/react-router.js?v=28f1e096:6185:3)
    at Router (http://localhost:5174/node_modules/.vite/deps/react-router.js?v=28f1e096:6128:13)
    at BrowserRouter (http://localhost:5174/node_modules/.vite/deps/react-router.js?v=28f1e096:9146:3)
    at App @ http://localhost:5174/node_modules/.vite/deps/chunk-YFB5YCE7.js?v=28f1e096:520
[   64174ms] [ERROR] Warning: Invalid DOM property `%s`. Did you mean `%s`?%s stroke-linejoin strokeLinejoin 
    at svg
    at a
    at div
    at MotionComponent (http://localhost:5174/node_modules/.vite/deps/framer-motion.js?v=28f1e096:4899:40)
    at section
    at Maint
    at div
    at div
    at div
    at div
    at Landing
    at RenderedRoute (http://localhost:5174/node_modules/.vite/deps/react-router.js?v=28f1e096:5452:26)
    at Routes (http://localhost:5174/node_modules/.vite/deps/react-router.js?v=28f1e096:6185:3)
    at Router (http://localhost:5174/node_modules/.vite/deps/react-router.js?v=28f1e096:6128:13)
    at BrowserRouter (http://localhost:5174/node_modules/.vite/deps/react-router.js?v=28f1e096:9146:3)
    at App @ http://localhost:5174/node_modules/.vite/deps/chunk-YFB5YCE7.js?v=28f1e096:520
[   64235ms] [LOG] Container @ http://localhost:5174/src/Components/particleBakground.tsx:46
[   64236ms] [LOG] Container @ http://localhost:5174/src/Components/particleBakground.tsx:46
[   68091ms] [LOG] Container @ http://localhost:5174/src/Components/particleBakground.tsx:46
[   68092ms] [LOG] Container @ http://localhost:5174/src/Components/particleBakground.tsx:46
[   68292ms] [LOG] Container @ http://localhost:5174/src/Components/particleBakground.tsx:46
[   70956ms] [LOG] Container @ http://localhost:5174/src/Components/particleBakground.tsx:46
[   73226ms] [LOG] Container @ http://localhost:5174/src/Components/particleBakground.tsx:46
[   73573ms] [LOG] Container @ http://localhost:5174/src/Components/particleBakground.tsx:46
[   74616ms] [LOG] Container @ http://localhost:5174/src/Components/particleBakground.tsx:46
